// Jest Snapshot v1, https://goo.gl/fbAQLP

exports[`request.ts httpRequest() throws if response data cannot be decoded 1`] = `
Object {
  "errors": Array [
    "Expecting number at a but instead got: \\"test\\"",
  ],
  "url": "/test",
}
`;
